Archive member included because of file (symbol)

/home/ahmed-a/ti/ccsv7/tools/compiler/gcc-arm-none-eabi-4_9-2015q3/bin/../lib/gcc/arm-none-eabi/4.9.3/../../../../arm-none-eabi/lib/armv7-ar/thumb/libg.a(lib_a-exit.o)
                              /home/ahmed-a/ti/ccsv7/tools/compiler/gcc-arm-none-eabi-4_9-2015q3/bin/../lib/gcc/arm-none-eabi/4.9.3/../../../../arm-none-eabi/lib/armv7-ar/thumb/crt0.o (exit)
/home/ahmed-a/ti/ccsv7/tools/compiler/gcc-arm-none-eabi-4_9-2015q3/bin/../lib/gcc/arm-none-eabi/4.9.3/../../../../arm-none-eabi/lib/armv7-ar/thumb/libg.a(lib_a-impure.o)
                              /home/ahmed-a/ti/ccsv7/tools/compiler/gcc-arm-none-eabi-4_9-2015q3/bin/../lib/gcc/arm-none-eabi/4.9.3/../../../../arm-none-eabi/lib/armv7-ar/thumb/libg.a(lib_a-exit.o) (_global_impure_ptr)
/home/ahmed-a/ti/ccsv7/tools/compiler/gcc-arm-none-eabi-4_9-2015q3/bin/../lib/gcc/arm-none-eabi/4.9.3/../../../../arm-none-eabi/lib/armv7-ar/thumb/libg.a(lib_a-init.o)
                              /home/ahmed-a/ti/ccsv7/tools/compiler/gcc-arm-none-eabi-4_9-2015q3/bin/../lib/gcc/arm-none-eabi/4.9.3/../../../../arm-none-eabi/lib/armv7-ar/thumb/crt0.o (__libc_init_array)
/home/ahmed-a/ti/ccsv7/tools/compiler/gcc-arm-none-eabi-4_9-2015q3/bin/../lib/gcc/arm-none-eabi/4.9.3/../../../../arm-none-eabi/lib/armv7-ar/thumb/libg.a(lib_a-memset.o)
                              /home/ahmed-a/ti/ccsv7/tools/compiler/gcc-arm-none-eabi-4_9-2015q3/bin/../lib/gcc/arm-none-eabi/4.9.3/../../../../arm-none-eabi/lib/armv7-ar/thumb/crt0.o (memset)
/home/ahmed-a/ti/ccsv7/tools/compiler/gcc-arm-none-eabi-4_9-2015q3/bin/../lib/gcc/arm-none-eabi/4.9.3/../../../../arm-none-eabi/lib/armv7-ar/thumb/libg.a(lib_a-__call_atexit.o)
                              /home/ahmed-a/ti/ccsv7/tools/compiler/gcc-arm-none-eabi-4_9-2015q3/bin/../lib/gcc/arm-none-eabi/4.9.3/../../../../arm-none-eabi/lib/armv7-ar/thumb/libg.a(lib_a-exit.o) (__call_exitprocs)
/home/ahmed-a/ti/ccsv7/tools/compiler/gcc-arm-none-eabi-4_9-2015q3/bin/../lib/gcc/arm-none-eabi/4.9.3/../../../../arm-none-eabi/lib/armv7-ar/thumb/libg.a(lib_a-atexit.o)
                              /home/ahmed-a/ti/ccsv7/tools/compiler/gcc-arm-none-eabi-4_9-2015q3/bin/../lib/gcc/arm-none-eabi/4.9.3/../../../../arm-none-eabi/lib/armv7-ar/thumb/libg.a(lib_a-__call_atexit.o) (atexit)
/home/ahmed-a/ti/ccsv7/tools/compiler/gcc-arm-none-eabi-4_9-2015q3/bin/../lib/gcc/arm-none-eabi/4.9.3/../../../../arm-none-eabi/lib/armv7-ar/thumb/libg.a(lib_a-fini.o)
                              /home/ahmed-a/ti/ccsv7/tools/compiler/gcc-arm-none-eabi-4_9-2015q3/bin/../lib/gcc/arm-none-eabi/4.9.3/../../../../arm-none-eabi/lib/armv7-ar/thumb/libg.a(lib_a-__call_atexit.o) (__libc_fini_array)
/home/ahmed-a/ti/ccsv7/tools/compiler/gcc-arm-none-eabi-4_9-2015q3/bin/../lib/gcc/arm-none-eabi/4.9.3/../../../../arm-none-eabi/lib/armv7-ar/thumb/libg.a(lib_a-__atexit.o)
                              /home/ahmed-a/ti/ccsv7/tools/compiler/gcc-arm-none-eabi-4_9-2015q3/bin/../lib/gcc/arm-none-eabi/4.9.3/../../../../arm-none-eabi/lib/armv7-ar/thumb/libg.a(lib_a-atexit.o) (__register_exitproc)
/home/ahmed-a/ti/ccsv7/tools/compiler/gcc-arm-none-eabi-4_9-2015q3/bin/../lib/gcc/arm-none-eabi/4.9.3/../../../../arm-none-eabi/lib/armv7-ar/thumb/libnosys.a(_exit.o)
                              /home/ahmed-a/ti/ccsv7/tools/compiler/gcc-arm-none-eabi-4_9-2015q3/bin/../lib/gcc/arm-none-eabi/4.9.3/../../../../arm-none-eabi/lib/armv7-ar/thumb/libg.a(lib_a-exit.o) (_exit)

Memory Configuration

Name             Origin             Length             Attributes
SRAM             0x402f0400         0x0000fc00
L3OCMC0          0x40300000         0x00010000
M3SHUMEM         0x44d00000         0x00004000
M3SHDMEM         0x44d80000         0x00002000
DDR0             0x80000000         0x40000000
*default*        0x00000000         0xffffffff

Linker script and memory map

LOAD /home/ahmed-a/ti/ccsv7/tools/compiler/gcc-arm-none-eabi-4_9-2015q3/bin/../lib/gcc/arm-none-eabi/4.9.3/armv7-ar/thumb/crti.o
LOAD /home/ahmed-a/ti/ccsv7/tools/compiler/gcc-arm-none-eabi-4_9-2015q3/bin/../lib/gcc/arm-none-eabi/4.9.3/armv7-ar/thumb/crtbegin.o
LOAD /home/ahmed-a/ti/ccsv7/tools/compiler/gcc-arm-none-eabi-4_9-2015q3/bin/../lib/gcc/arm-none-eabi/4.9.3/../../../../arm-none-eabi/lib/armv7-ar/thumb/crt0.o
                0x00000400                STACKSIZE = 0x400
                0x00000400                HEAPSIZE = 0x400

.rsthand        0x80000000       0x70
                0x80000000                . = ALIGN (0x10000)
 *(.isr_vector)
 .isr_vector    0x80000000       0x50 startup_ARMCA8.o
                0x80000000                __isr_vector
                0x8000004e                DEF_IRQHandler
 *startup_ARMCA8.o(.text)
 .text          0x80000050       0x20 startup_ARMCA8.o
                0x80000050                Entry
                0x80000070                . = ALIGN (0x4)

.text           0x80000070     0x184c
 *(.text*)
 .text          0x80000070        0x0 /home/ahmed-a/ti/ccsv7/tools/compiler/gcc-arm-none-eabi-4_9-2015q3/bin/../lib/gcc/arm-none-eabi/4.9.3/armv7-ar/thumb/crti.o
 .text          0x80000070       0x6c /home/ahmed-a/ti/ccsv7/tools/compiler/gcc-arm-none-eabi-4_9-2015q3/bin/../lib/gcc/arm-none-eabi/4.9.3/armv7-ar/thumb/crtbegin.o
 .text          0x800000dc       0x74 /home/ahmed-a/ti/ccsv7/tools/compiler/gcc-arm-none-eabi-4_9-2015q3/bin/../lib/gcc/arm-none-eabi/4.9.3/../../../../arm-none-eabi/lib/armv7-ar/thumb/crt0.o
                0x800000dc                _mainCRTStartup
                0x800000dc                _start
 .text          0x80000150      0x29c gpio.o
                0x80000150                GPIO1Pin23PinMuxSetup
                0x80000174                GPIO0ModuleClkConfig
                0x800002bc                GPIO1ModuleClkConfig
                0x80000378                GPIO1PinMuxSetup
                0x800003b4                GpioPinMuxSetup
 .text          0x800003ec       0xb4 gpioLEDBlink.o
                0x800003ec                main
 .text          0x800004a0     0x10f8 gpio_v2.o
                0x800004a0                GPIOModuleReset
                0x800004f8                GPIOModuleEnable
                0x80000534                GPIOModuleDisable
                0x80000570                GPIODirModeSet
                0x80000600                GPIODirModeGet
                0x8000065c                GPIOPinWrite
                0x800006c8                GPIOPinRead
                0x80000708                GPIOMultiplePinsWrite
                0x80000754                GPIOMultiplePinsRead
                0x8000078c                GPIOPinIntEnable
                0x800007f8                GPIOPinIntDisable
                0x80000864                GPIOIntTypeSet
                0x80000e34                GPIOIntTypeGet
                0x80000f54                GPIOPinIntStatus
                0x80000fd8                GPIOPinIntClear
                0x80001044                GPIORawIntStatus
                0x800010b8                GPIOTriggerPinInt
                0x80001124                GPIOWakeupGlobalEnable
                0x80001160                GPIOWakeupGlobalDisable
                0x8000119c                GPIOPinIntWakeUpEnable
                0x80001228                GPIOPinIntWakeUpDisable
                0x800012bc                GPIOAutoIdleModeControl
                0x80001324                GPIOIdleModeConfigure
                0x8000138c                GPIOGatingRatioConfigure
                0x800013f4                GPIODebounceFuncControl
                0x80001474                GPIODebounceTimeConfig
                0x800014ac                GPIORevisionInfoGet
                0x800014d4                gpioContextSave
                0x80001530                gpioContextRestore
 .text          0x80001598        0x0 /home/ahmed-a/ti/ccsv7/tools/compiler/gcc-arm-none-eabi-4_9-2015q3/bin/../lib/gcc/arm-none-eabi/4.9.3/../../../../arm-none-eabi/lib/armv7-ar/thumb/libg.a(lib_a-exit.o)
 .text.exit     0x80001598       0x20 /home/ahmed-a/ti/ccsv7/tools/compiler/gcc-arm-none-eabi-4_9-2015q3/bin/../lib/gcc/arm-none-eabi/4.9.3/../../../../arm-none-eabi/lib/armv7-ar/thumb/libg.a(lib_a-exit.o)
                0x80001598                exit
 .text          0x800015b8        0x0 /home/ahmed-a/ti/ccsv7/tools/compiler/gcc-arm-none-eabi-4_9-2015q3/bin/../lib/gcc/arm-none-eabi/4.9.3/../../../../arm-none-eabi/lib/armv7-ar/thumb/libg.a(lib_a-impure.o)
 .text          0x800015b8        0x0 /home/ahmed-a/ti/ccsv7/tools/compiler/gcc-arm-none-eabi-4_9-2015q3/bin/../lib/gcc/arm-none-eabi/4.9.3/../../../../arm-none-eabi/lib/armv7-ar/thumb/libg.a(lib_a-init.o)
 .text.__libc_init_array
                0x800015b8       0x58 /home/ahmed-a/ti/ccsv7/tools/compiler/gcc-arm-none-eabi-4_9-2015q3/bin/../lib/gcc/arm-none-eabi/4.9.3/../../../../arm-none-eabi/lib/armv7-ar/thumb/libg.a(lib_a-init.o)
                0x800015b8                __libc_init_array
 .text          0x80001610        0x0 /home/ahmed-a/ti/ccsv7/tools/compiler/gcc-arm-none-eabi-4_9-2015q3/bin/../lib/gcc/arm-none-eabi/4.9.3/../../../../arm-none-eabi/lib/armv7-ar/thumb/libg.a(lib_a-memset.o)
 .text.memset   0x80001610       0xa4 /home/ahmed-a/ti/ccsv7/tools/compiler/gcc-arm-none-eabi-4_9-2015q3/bin/../lib/gcc/arm-none-eabi/4.9.3/../../../../arm-none-eabi/lib/armv7-ar/thumb/libg.a(lib_a-memset.o)
                0x80001610                memset
 .text          0x800016b4        0x0 /home/ahmed-a/ti/ccsv7/tools/compiler/gcc-arm-none-eabi-4_9-2015q3/bin/../lib/gcc/arm-none-eabi/4.9.3/../../../../arm-none-eabi/lib/armv7-ar/thumb/libg.a(lib_a-__call_atexit.o)
 .text.startup.register_fini
                0x800016b4       0x18 /home/ahmed-a/ti/ccsv7/tools/compiler/gcc-arm-none-eabi-4_9-2015q3/bin/../lib/gcc/arm-none-eabi/4.9.3/../../../../arm-none-eabi/lib/armv7-ar/thumb/libg.a(lib_a-__call_atexit.o)
 .text.__call_exitprocs
                0x800016cc       0xe4 /home/ahmed-a/ti/ccsv7/tools/compiler/gcc-arm-none-eabi-4_9-2015q3/bin/../lib/gcc/arm-none-eabi/4.9.3/../../../../arm-none-eabi/lib/armv7-ar/thumb/libg.a(lib_a-__call_atexit.o)
                0x800016cc                __call_exitprocs
 .text          0x800017b0        0x0 /home/ahmed-a/ti/ccsv7/tools/compiler/gcc-arm-none-eabi-4_9-2015q3/bin/../lib/gcc/arm-none-eabi/4.9.3/../../../../arm-none-eabi/lib/armv7-ar/thumb/libg.a(lib_a-atexit.o)
 .text.atexit   0x800017b0        0xc /home/ahmed-a/ti/ccsv7/tools/compiler/gcc-arm-none-eabi-4_9-2015q3/bin/../lib/gcc/arm-none-eabi/4.9.3/../../../../arm-none-eabi/lib/armv7-ar/thumb/libg.a(lib_a-atexit.o)
                0x800017b0                atexit
 .text          0x800017bc        0x0 /home/ahmed-a/ti/ccsv7/tools/compiler/gcc-arm-none-eabi-4_9-2015q3/bin/../lib/gcc/arm-none-eabi/4.9.3/../../../../arm-none-eabi/lib/armv7-ar/thumb/libg.a(lib_a-fini.o)
 .text.__libc_fini_array
                0x800017bc       0x30 /home/ahmed-a/ti/ccsv7/tools/compiler/gcc-arm-none-eabi-4_9-2015q3/bin/../lib/gcc/arm-none-eabi/4.9.3/../../../../arm-none-eabi/lib/armv7-ar/thumb/libg.a(lib_a-fini.o)
                0x800017bc                __libc_fini_array
 .text          0x800017ec        0x0 /home/ahmed-a/ti/ccsv7/tools/compiler/gcc-arm-none-eabi-4_9-2015q3/bin/../lib/gcc/arm-none-eabi/4.9.3/../../../../arm-none-eabi/lib/armv7-ar/thumb/libg.a(lib_a-__atexit.o)
 .text.__register_exitproc
                0x800017ec       0xa8 /home/ahmed-a/ti/ccsv7/tools/compiler/gcc-arm-none-eabi-4_9-2015q3/bin/../lib/gcc/arm-none-eabi/4.9.3/../../../../arm-none-eabi/lib/armv7-ar/thumb/libg.a(lib_a-__atexit.o)
                0x800017ec                __register_exitproc
 .text          0x80001894        0x0 /home/ahmed-a/ti/ccsv7/tools/compiler/gcc-arm-none-eabi-4_9-2015q3/bin/../lib/gcc/arm-none-eabi/4.9.3/../../../../arm-none-eabi/lib/armv7-ar/thumb/libnosys.a(_exit.o)
 .text._exit    0x80001894        0x4 /home/ahmed-a/ti/ccsv7/tools/compiler/gcc-arm-none-eabi-4_9-2015q3/bin/../lib/gcc/arm-none-eabi/4.9.3/../../../../arm-none-eabi/lib/armv7-ar/thumb/libnosys.a(_exit.o)
                0x80001894                _exit
 .text          0x80001898        0x0 /home/ahmed-a/ti/ccsv7/tools/compiler/gcc-arm-none-eabi-4_9-2015q3/bin/../lib/gcc/arm-none-eabi/4.9.3/armv7-ar/thumb/crtend.o
 .text          0x80001898        0x0 /home/ahmed-a/ti/ccsv7/tools/compiler/gcc-arm-none-eabi-4_9-2015q3/bin/../lib/gcc/arm-none-eabi/4.9.3/armv7-ar/thumb/crtn.o
 *(.init)
 .init          0x80001898        0x4 /home/ahmed-a/ti/ccsv7/tools/compiler/gcc-arm-none-eabi-4_9-2015q3/bin/../lib/gcc/arm-none-eabi/4.9.3/armv7-ar/thumb/crti.o
                0x80001898                _init
 .init          0x8000189c        0x8 /home/ahmed-a/ti/ccsv7/tools/compiler/gcc-arm-none-eabi-4_9-2015q3/bin/../lib/gcc/arm-none-eabi/4.9.3/armv7-ar/thumb/crtn.o
 *(.fini)
 .fini          0x800018a4        0x4 /home/ahmed-a/ti/ccsv7/tools/compiler/gcc-arm-none-eabi-4_9-2015q3/bin/../lib/gcc/arm-none-eabi/4.9.3/armv7-ar/thumb/crti.o
                0x800018a4                _fini
 .fini          0x800018a8        0x8 /home/ahmed-a/ti/ccsv7/tools/compiler/gcc-arm-none-eabi-4_9-2015q3/bin/../lib/gcc/arm-none-eabi/4.9.3/armv7-ar/thumb/crtn.o
 *crtbegin.o(.ctors)
 *crtbegin?.o(.ctors)
 *(EXCLUDE_FILE(*crtend.o *crtend?.o) .ctors)
 *(SORT(.ctors.*))
 *(.ctors)
 *crtbegin.o(.dtors)
 *crtbegin?.o(.dtors)
 *(EXCLUDE_FILE(*crtend.o *crtend?.o) .dtors)
 *(SORT(.dtors.*))
 *(.dtors)
 *(.rodata*)
 .rodata.str1.4
                0x800018b0        0x4 /home/ahmed-a/ti/ccsv7/tools/compiler/gcc-arm-none-eabi-4_9-2015q3/bin/../lib/gcc/arm-none-eabi/4.9.3/../../../../arm-none-eabi/lib/armv7-ar/thumb/libg.a(lib_a-impure.o)
                                  0x2 (size before relaxing)
 .rodata._global_impure_ptr
                0x800018b4        0x4 /home/ahmed-a/ti/ccsv7/tools/compiler/gcc-arm-none-eabi-4_9-2015q3/bin/../lib/gcc/arm-none-eabi/4.9.3/../../../../arm-none-eabi/lib/armv7-ar/thumb/libg.a(lib_a-impure.o)
                0x800018b4                _global_impure_ptr
 *(.eh_frame*)
 .eh_frame      0x800018b8        0x0 /home/ahmed-a/ti/ccsv7/tools/compiler/gcc-arm-none-eabi-4_9-2015q3/bin/../lib/gcc/arm-none-eabi/4.9.3/armv7-ar/thumb/crtbegin.o
 .eh_frame      0x800018b8        0x4 /home/ahmed-a/ti/ccsv7/tools/compiler/gcc-arm-none-eabi-4_9-2015q3/bin/../lib/gcc/arm-none-eabi/4.9.3/armv7-ar/thumb/crtend.o

.glue_7         0x800018bc        0x0
 .glue_7        0x00000000        0x0 linker stubs

.glue_7t        0x800018bc        0x0
 .glue_7t       0x00000000        0x0 linker stubs

.vfp11_veneer   0x800018bc        0x0
 .vfp11_veneer  0x00000000        0x0 linker stubs

.v4_bx          0x800018bc        0x0
 .v4_bx         0x00000000        0x0 linker stubs

.iplt           0x800018bc        0x0
 .iplt          0x00000000        0x0 /home/ahmed-a/ti/ccsv7/tools/compiler/gcc-arm-none-eabi-4_9-2015q3/bin/../lib/gcc/arm-none-eabi/4.9.3/armv7-ar/thumb/crtbegin.o

.ARM.extab      0x800018bc        0x0
 *(.ARM.extab* .gnu.linkonce.armextab.*)
 .ARM.extab     0x800018bc        0x0 /home/ahmed-a/ti/ccsv7/tools/compiler/gcc-arm-none-eabi-4_9-2015q3/bin/../lib/gcc/arm-none-eabi/4.9.3/../../../../arm-none-eabi/lib/armv7-ar/thumb/crt0.o
                0x800018bc                __exidx_start = .

.ARM.exidx      0x800018bc        0x8
 *(.ARM.exidx* .gnu.linkonce.armexidx.*)
 .ARM.exidx     0x800018bc        0x8 /home/ahmed-a/ti/ccsv7/tools/compiler/gcc-arm-none-eabi-4_9-2015q3/bin/../lib/gcc/arm-none-eabi/4.9.3/../../../../arm-none-eabi/lib/armv7-ar/thumb/crt0.o
                0x800018c4                __exidx_end = .

.rel.dyn        0x800018c4        0x0
 .rel.iplt      0x00000000        0x0 /home/ahmed-a/ti/ccsv7/tools/compiler/gcc-arm-none-eabi-4_9-2015q3/bin/../lib/gcc/arm-none-eabi/4.9.3/armv7-ar/thumb/crtbegin.o

.data           0x800018c8      0x440
                0x800018c8                . = ALIGN (0x4)
                0x800018c8                __data_start__ = .
 *(vtable)
 *(.data*)
 .data          0x800018c8        0x0 /home/ahmed-a/ti/ccsv7/tools/compiler/gcc-arm-none-eabi-4_9-2015q3/bin/../lib/gcc/arm-none-eabi/4.9.3/armv7-ar/thumb/crti.o
 .data          0x800018c8        0x4 /home/ahmed-a/ti/ccsv7/tools/compiler/gcc-arm-none-eabi-4_9-2015q3/bin/../lib/gcc/arm-none-eabi/4.9.3/armv7-ar/thumb/crtbegin.o
                0x800018c8                __dso_handle
 .data          0x800018cc        0x0 /home/ahmed-a/ti/ccsv7/tools/compiler/gcc-arm-none-eabi-4_9-2015q3/bin/../lib/gcc/arm-none-eabi/4.9.3/../../../../arm-none-eabi/lib/armv7-ar/thumb/crt0.o
 .data          0x800018cc        0x0 gpio.o
 .data          0x800018cc        0x0 gpioLEDBlink.o
 .data          0x800018cc        0x0 gpio_v2.o
 .data          0x800018cc        0x0 startup_ARMCA8.o
 .data          0x800018cc        0x0 /home/ahmed-a/ti/ccsv7/tools/compiler/gcc-arm-none-eabi-4_9-2015q3/bin/../lib/gcc/arm-none-eabi/4.9.3/../../../../arm-none-eabi/lib/armv7-ar/thumb/libg.a(lib_a-exit.o)
 .data          0x800018cc        0x0 /home/ahmed-a/ti/ccsv7/tools/compiler/gcc-arm-none-eabi-4_9-2015q3/bin/../lib/gcc/arm-none-eabi/4.9.3/../../../../arm-none-eabi/lib/armv7-ar/thumb/libg.a(lib_a-impure.o)
 *fill*         0x800018cc        0x4 
 .data.impure_data
                0x800018d0      0x428 /home/ahmed-a/ti/ccsv7/tools/compiler/gcc-arm-none-eabi-4_9-2015q3/bin/../lib/gcc/arm-none-eabi/4.9.3/../../../../arm-none-eabi/lib/armv7-ar/thumb/libg.a(lib_a-impure.o)
 .data._impure_ptr
                0x80001cf8        0x4 /home/ahmed-a/ti/ccsv7/tools/compiler/gcc-arm-none-eabi-4_9-2015q3/bin/../lib/gcc/arm-none-eabi/4.9.3/../../../../arm-none-eabi/lib/armv7-ar/thumb/libg.a(lib_a-impure.o)
                0x80001cf8                _impure_ptr
 .data          0x80001cfc        0x0 /home/ahmed-a/ti/ccsv7/tools/compiler/gcc-arm-none-eabi-4_9-2015q3/bin/../lib/gcc/arm-none-eabi/4.9.3/../../../../arm-none-eabi/lib/armv7-ar/thumb/libg.a(lib_a-init.o)
 .data          0x80001cfc        0x0 /home/ahmed-a/ti/ccsv7/tools/compiler/gcc-arm-none-eabi-4_9-2015q3/bin/../lib/gcc/arm-none-eabi/4.9.3/../../../../arm-none-eabi/lib/armv7-ar/thumb/libg.a(lib_a-memset.o)
 .data          0x80001cfc        0x0 /home/ahmed-a/ti/ccsv7/tools/compiler/gcc-arm-none-eabi-4_9-2015q3/bin/../lib/gcc/arm-none-eabi/4.9.3/../../../../arm-none-eabi/lib/armv7-ar/thumb/libg.a(lib_a-__call_atexit.o)
 .data          0x80001cfc        0x0 /home/ahmed-a/ti/ccsv7/tools/compiler/gcc-arm-none-eabi-4_9-2015q3/bin/../lib/gcc/arm-none-eabi/4.9.3/../../../../arm-none-eabi/lib/armv7-ar/thumb/libg.a(lib_a-atexit.o)
 .data          0x80001cfc        0x0 /home/ahmed-a/ti/ccsv7/tools/compiler/gcc-arm-none-eabi-4_9-2015q3/bin/../lib/gcc/arm-none-eabi/4.9.3/../../../../arm-none-eabi/lib/armv7-ar/thumb/libg.a(lib_a-fini.o)
 .data          0x80001cfc        0x0 /home/ahmed-a/ti/ccsv7/tools/compiler/gcc-arm-none-eabi-4_9-2015q3/bin/../lib/gcc/arm-none-eabi/4.9.3/../../../../arm-none-eabi/lib/armv7-ar/thumb/libg.a(lib_a-__atexit.o)
 .data          0x80001cfc        0x0 /home/ahmed-a/ti/ccsv7/tools/compiler/gcc-arm-none-eabi-4_9-2015q3/bin/../lib/gcc/arm-none-eabi/4.9.3/../../../../arm-none-eabi/lib/armv7-ar/thumb/libnosys.a(_exit.o)
 .data          0x80001cfc        0x0 /home/ahmed-a/ti/ccsv7/tools/compiler/gcc-arm-none-eabi-4_9-2015q3/bin/../lib/gcc/arm-none-eabi/4.9.3/armv7-ar/thumb/crtend.o
 .data          0x80001cfc        0x0 /home/ahmed-a/ti/ccsv7/tools/compiler/gcc-arm-none-eabi-4_9-2015q3/bin/../lib/gcc/arm-none-eabi/4.9.3/armv7-ar/thumb/crtn.o
                0x80001cfc                . = ALIGN (0x4)
                0x80001cfc                PROVIDE (__preinit_array_start, .)
 *(.preinit_array)
                0x80001cfc                PROVIDE (__preinit_array_end, .)
                0x80001cfc                . = ALIGN (0x4)
                0x80001cfc                PROVIDE (__init_array_start, .)
 *(SORT(.init_array.*))
 .init_array.00000
                0x80001cfc        0x4 /home/ahmed-a/ti/ccsv7/tools/compiler/gcc-arm-none-eabi-4_9-2015q3/bin/../lib/gcc/arm-none-eabi/4.9.3/../../../../arm-none-eabi/lib/armv7-ar/thumb/libg.a(lib_a-__call_atexit.o)
 *(.init_array)
 .init_array    0x80001d00        0x4 /home/ahmed-a/ti/ccsv7/tools/compiler/gcc-arm-none-eabi-4_9-2015q3/bin/../lib/gcc/arm-none-eabi/4.9.3/armv7-ar/thumb/crtbegin.o
                0x80001d04                PROVIDE (__init_array_end, .)
                0x80001d04                . = ALIGN (0x4)
                0x80001d04                PROVIDE (__fini_array_start, .)
 *(SORT(.fini_array.*))
 *(.fini_array)
 .fini_array    0x80001d04        0x4 /home/ahmed-a/ti/ccsv7/tools/compiler/gcc-arm-none-eabi-4_9-2015q3/bin/../lib/gcc/arm-none-eabi/4.9.3/armv7-ar/thumb/crtbegin.o
                0x80001d08                PROVIDE (__fini_array_end, .)
                0x80001d08                . = ALIGN (0x4)
                0x80001d08                __data_end__ = .

.jcr            0x80001d08        0x4
 .jcr           0x80001d08        0x0 /home/ahmed-a/ti/ccsv7/tools/compiler/gcc-arm-none-eabi-4_9-2015q3/bin/../lib/gcc/arm-none-eabi/4.9.3/armv7-ar/thumb/crtbegin.o
 .jcr           0x80001d08        0x4 /home/ahmed-a/ti/ccsv7/tools/compiler/gcc-arm-none-eabi-4_9-2015q3/bin/../lib/gcc/arm-none-eabi/4.9.3/armv7-ar/thumb/crtend.o

.igot.plt       0x80001d0c        0x0
 .igot.plt      0x00000000        0x0 /home/ahmed-a/ti/ccsv7/tools/compiler/gcc-arm-none-eabi-4_9-2015q3/bin/../lib/gcc/arm-none-eabi/4.9.3/armv7-ar/thumb/crtbegin.o

.bss            0x80001d0c       0x1c
                0x80001d0c                . = ALIGN (0x4)
                0x80001d0c                __bss_start__ = .
 *(.bss*)
 .bss           0x80001d0c        0x0 /home/ahmed-a/ti/ccsv7/tools/compiler/gcc-arm-none-eabi-4_9-2015q3/bin/../lib/gcc/arm-none-eabi/4.9.3/armv7-ar/thumb/crti.o
 .bss           0x80001d0c       0x1c /home/ahmed-a/ti/ccsv7/tools/compiler/gcc-arm-none-eabi-4_9-2015q3/bin/../lib/gcc/arm-none-eabi/4.9.3/armv7-ar/thumb/crtbegin.o
 .bss           0x80001d28        0x0 /home/ahmed-a/ti/ccsv7/tools/compiler/gcc-arm-none-eabi-4_9-2015q3/bin/../lib/gcc/arm-none-eabi/4.9.3/../../../../arm-none-eabi/lib/armv7-ar/thumb/crt0.o
 .bss           0x80001d28        0x0 gpio.o
 .bss           0x80001d28        0x0 gpioLEDBlink.o
 .bss           0x80001d28        0x0 gpio_v2.o
 .bss           0x80001d28        0x0 startup_ARMCA8.o
 .bss           0x80001d28        0x0 /home/ahmed-a/ti/ccsv7/tools/compiler/gcc-arm-none-eabi-4_9-2015q3/bin/../lib/gcc/arm-none-eabi/4.9.3/../../../../arm-none-eabi/lib/armv7-ar/thumb/libg.a(lib_a-exit.o)
 .bss           0x80001d28        0x0 /home/ahmed-a/ti/ccsv7/tools/compiler/gcc-arm-none-eabi-4_9-2015q3/bin/../lib/gcc/arm-none-eabi/4.9.3/../../../../arm-none-eabi/lib/armv7-ar/thumb/libg.a(lib_a-impure.o)
 .bss           0x80001d28        0x0 /home/ahmed-a/ti/ccsv7/tools/compiler/gcc-arm-none-eabi-4_9-2015q3/bin/../lib/gcc/arm-none-eabi/4.9.3/../../../../arm-none-eabi/lib/armv7-ar/thumb/libg.a(lib_a-init.o)
 .bss           0x80001d28        0x0 /home/ahmed-a/ti/ccsv7/tools/compiler/gcc-arm-none-eabi-4_9-2015q3/bin/../lib/gcc/arm-none-eabi/4.9.3/../../../../arm-none-eabi/lib/armv7-ar/thumb/libg.a(lib_a-memset.o)
 .bss           0x80001d28        0x0 /home/ahmed-a/ti/ccsv7/tools/compiler/gcc-arm-none-eabi-4_9-2015q3/bin/../lib/gcc/arm-none-eabi/4.9.3/../../../../arm-none-eabi/lib/armv7-ar/thumb/libg.a(lib_a-__call_atexit.o)
 .bss           0x80001d28        0x0 /home/ahmed-a/ti/ccsv7/tools/compiler/gcc-arm-none-eabi-4_9-2015q3/bin/../lib/gcc/arm-none-eabi/4.9.3/../../../../arm-none-eabi/lib/armv7-ar/thumb/libg.a(lib_a-atexit.o)
 .bss           0x80001d28        0x0 /home/ahmed-a/ti/ccsv7/tools/compiler/gcc-arm-none-eabi-4_9-2015q3/bin/../lib/gcc/arm-none-eabi/4.9.3/../../../../arm-none-eabi/lib/armv7-ar/thumb/libg.a(lib_a-fini.o)
 .bss           0x80001d28        0x0 /home/ahmed-a/ti/ccsv7/tools/compiler/gcc-arm-none-eabi-4_9-2015q3/bin/../lib/gcc/arm-none-eabi/4.9.3/../../../../arm-none-eabi/lib/armv7-ar/thumb/libg.a(lib_a-__atexit.o)
 .bss           0x80001d28        0x0 /home/ahmed-a/ti/ccsv7/tools/compiler/gcc-arm-none-eabi-4_9-2015q3/bin/../lib/gcc/arm-none-eabi/4.9.3/../../../../arm-none-eabi/lib/armv7-ar/thumb/libnosys.a(_exit.o)
 .bss           0x80001d28        0x0 /home/ahmed-a/ti/ccsv7/tools/compiler/gcc-arm-none-eabi-4_9-2015q3/bin/../lib/gcc/arm-none-eabi/4.9.3/armv7-ar/thumb/crtend.o
 .bss           0x80001d28        0x0 /home/ahmed-a/ti/ccsv7/tools/compiler/gcc-arm-none-eabi-4_9-2015q3/bin/../lib/gcc/arm-none-eabi/4.9.3/armv7-ar/thumb/crtn.o
 *(COMMON)
                0x80001d28                __bss_end__ = .

.heap           0x80001d30      0x400
 FILL mask 0xdeadbeef
                0x80001d30                . = ALIGN (0x4)
                0x80001d30                __end__ = .
                0x80001d30                end = __end__
                0x80001d30                __HeapBase = __end__
 *(.heap*)
 .heap          0x80001d30        0x0 startup_ARMCA8.o
                0x80002130                . = (. + HEAPSIZE)
 *fill*         0x80001d30      0x400 deadbeef
                0x80002130                __HeapLimit = .

.stack          0x80002130      0x400
 FILL mask 0xbad0bad0
                0x80002130                . = ALIGN (0x4)
                0x80002130                __StackLimit = .
 *(.stack*)
 .stack         0x80002130        0x0 startup_ARMCA8.o
                0x80002530                . = (. + STACKSIZE)
 *fill*         0x80002130      0x400 bad0bad0
                0x80002530                __StackTop = .
                0x80002530                __StackBase = .
                0x80002530                PROVIDE (__stack, __StackTop)
LOAD gpio.o
LOAD gpioLEDBlink.o
LOAD gpio_v2.o
LOAD startup_ARMCA8.o
START GROUP
LOAD /home/ahmed-a/ti/ccsv7/tools/compiler/gcc-arm-none-eabi-4_9-2015q3/bin/../lib/gcc/arm-none-eabi/4.9.3/armv7-ar/thumb/libgcc.a
LOAD /home/ahmed-a/ti/ccsv7/tools/compiler/gcc-arm-none-eabi-4_9-2015q3/bin/../lib/gcc/arm-none-eabi/4.9.3/../../../../arm-none-eabi/lib/armv7-ar/thumb/libg.a
LOAD /home/ahmed-a/ti/ccsv7/tools/compiler/gcc-arm-none-eabi-4_9-2015q3/bin/../lib/gcc/arm-none-eabi/4.9.3/../../../../arm-none-eabi/lib/armv7-ar/thumb/libc.a
END GROUP
START GROUP
LOAD /home/ahmed-a/ti/ccsv7/tools/compiler/gcc-arm-none-eabi-4_9-2015q3/bin/../lib/gcc/arm-none-eabi/4.9.3/armv7-ar/thumb/libgcc.a
LOAD /home/ahmed-a/ti/ccsv7/tools/compiler/gcc-arm-none-eabi-4_9-2015q3/bin/../lib/gcc/arm-none-eabi/4.9.3/../../../../arm-none-eabi/lib/armv7-ar/thumb/libc.a
LOAD /home/ahmed-a/ti/ccsv7/tools/compiler/gcc-arm-none-eabi-4_9-2015q3/bin/../lib/gcc/arm-none-eabi/4.9.3/../../../../arm-none-eabi/lib/armv7-ar/thumb/libnosys.a
END GROUP
LOAD /home/ahmed-a/ti/ccsv7/tools/compiler/gcc-arm-none-eabi-4_9-2015q3/bin/../lib/gcc/arm-none-eabi/4.9.3/armv7-ar/thumb/crtend.o
LOAD /home/ahmed-a/ti/ccsv7/tools/compiler/gcc-arm-none-eabi-4_9-2015q3/bin/../lib/gcc/arm-none-eabi/4.9.3/armv7-ar/thumb/crtn.o
OUTPUT(blinky elf32-littlearm)

.ARM.attributes
                0x00000000       0x2b
 .ARM.attributes
                0x00000000       0x19 /home/ahmed-a/ti/ccsv7/tools/compiler/gcc-arm-none-eabi-4_9-2015q3/bin/../lib/gcc/arm-none-eabi/4.9.3/armv7-ar/thumb/crti.o
 .ARM.attributes
                0x00000019       0x29 /home/ahmed-a/ti/ccsv7/tools/compiler/gcc-arm-none-eabi-4_9-2015q3/bin/../lib/gcc/arm-none-eabi/4.9.3/armv7-ar/thumb/crtbegin.o
 .ARM.attributes
                0x00000042       0x17 /home/ahmed-a/ti/ccsv7/tools/compiler/gcc-arm-none-eabi-4_9-2015q3/bin/../lib/gcc/arm-none-eabi/4.9.3/../../../../arm-none-eabi/lib/armv7-ar/thumb/crt0.o
 .ARM.attributes
                0x00000059       0x37 gpio.o
 .ARM.attributes
                0x00000090       0x37 gpioLEDBlink.o
 .ARM.attributes
                0x000000c7       0x37 gpio_v2.o
 .ARM.attributes
                0x000000fe       0x16 startup_ARMCA8.o
 .ARM.attributes
                0x00000114       0x29 /home/ahmed-a/ti/ccsv7/tools/compiler/gcc-arm-none-eabi-4_9-2015q3/bin/../lib/gcc/arm-none-eabi/4.9.3/../../../../arm-none-eabi/lib/armv7-ar/thumb/libg.a(lib_a-exit.o)
 .ARM.attributes
                0x0000013d       0x29 /home/ahmed-a/ti/ccsv7/tools/compiler/gcc-arm-none-eabi-4_9-2015q3/bin/../lib/gcc/arm-none-eabi/4.9.3/../../../../arm-none-eabi/lib/armv7-ar/thumb/libg.a(lib_a-impure.o)
 .ARM.attributes
                0x00000166       0x29 /home/ahmed-a/ti/ccsv7/tools/compiler/gcc-arm-none-eabi-4_9-2015q3/bin/../lib/gcc/arm-none-eabi/4.9.3/../../../../arm-none-eabi/lib/armv7-ar/thumb/libg.a(lib_a-init.o)
 .ARM.attributes
                0x0000018f       0x29 /home/ahmed-a/ti/ccsv7/tools/compiler/gcc-arm-none-eabi-4_9-2015q3/bin/../lib/gcc/arm-none-eabi/4.9.3/../../../../arm-none-eabi/lib/armv7-ar/thumb/libg.a(lib_a-memset.o)
 .ARM.attributes
                0x000001b8       0x29 /home/ahmed-a/ti/ccsv7/tools/compiler/gcc-arm-none-eabi-4_9-2015q3/bin/../lib/gcc/arm-none-eabi/4.9.3/../../../../arm-none-eabi/lib/armv7-ar/thumb/libg.a(lib_a-__call_atexit.o)
 .ARM.attributes
                0x000001e1       0x29 /home/ahmed-a/ti/ccsv7/tools/compiler/gcc-arm-none-eabi-4_9-2015q3/bin/../lib/gcc/arm-none-eabi/4.9.3/../../../../arm-none-eabi/lib/armv7-ar/thumb/libg.a(lib_a-atexit.o)
 .ARM.attributes
                0x0000020a       0x29 /home/ahmed-a/ti/ccsv7/tools/compiler/gcc-arm-none-eabi-4_9-2015q3/bin/../lib/gcc/arm-none-eabi/4.9.3/../../../../arm-none-eabi/lib/armv7-ar/thumb/libg.a(lib_a-fini.o)
 .ARM.attributes
                0x00000233       0x29 /home/ahmed-a/ti/ccsv7/tools/compiler/gcc-arm-none-eabi-4_9-2015q3/bin/../lib/gcc/arm-none-eabi/4.9.3/../../../../arm-none-eabi/lib/armv7-ar/thumb/libg.a(lib_a-__atexit.o)
 .ARM.attributes
                0x0000025c       0x29 /home/ahmed-a/ti/ccsv7/tools/compiler/gcc-arm-none-eabi-4_9-2015q3/bin/../lib/gcc/arm-none-eabi/4.9.3/../../../../arm-none-eabi/lib/armv7-ar/thumb/libnosys.a(_exit.o)
 .ARM.attributes
                0x00000285       0x29 /home/ahmed-a/ti/ccsv7/tools/compiler/gcc-arm-none-eabi-4_9-2015q3/bin/../lib/gcc/arm-none-eabi/4.9.3/armv7-ar/thumb/crtend.o
 .ARM.attributes
                0x000002ae       0x19 /home/ahmed-a/ti/ccsv7/tools/compiler/gcc-arm-none-eabi-4_9-2015q3/bin/../lib/gcc/arm-none-eabi/4.9.3/armv7-ar/thumb/crtn.o

.comment        0x00000000       0x70
 .comment       0x00000000       0x70 gpio.o
                                 0x71 (size before relaxing)
 .comment       0x00000000       0x71 gpioLEDBlink.o
 .comment       0x00000000       0x71 gpio_v2.o

.debug_info     0x00000000      0x897
 .debug_info    0x00000000       0xca gpio.o
 .debug_info    0x000000ca       0x7b gpioLEDBlink.o
 .debug_info    0x00000145      0x752 gpio_v2.o

.debug_abbrev   0x00000000      0x1ec
 .debug_abbrev  0x00000000       0x6f gpio.o
 .debug_abbrev  0x0000006f       0x6a gpioLEDBlink.o
 .debug_abbrev  0x000000d9      0x113 gpio_v2.o

.debug_aranges  0x00000000       0x60
 .debug_aranges
                0x00000000       0x20 gpio.o
 .debug_aranges
                0x00000020       0x20 gpioLEDBlink.o
 .debug_aranges
                0x00000040       0x20 gpio_v2.o

.debug_line     0x00000000      0x272
 .debug_line    0x00000000       0x7b gpio.o
 .debug_line    0x0000007b       0x4f gpioLEDBlink.o
 .debug_line    0x000000ca      0x1a8 gpio_v2.o

.debug_str      0x00000000      0x495
 .debug_str     0x00000000      0x173 gpio.o
 .debug_str     0x00000173       0x20 gpioLEDBlink.o
                                 0xff (size before relaxing)
 .debug_str     0x00000193      0x302 gpio_v2.o
                                0x3e6 (size before relaxing)

.debug_frame    0x00000000      0x630
 .debug_frame   0x00000000       0xb0 gpio.o
 .debug_frame   0x000000b0       0x4c gpioLEDBlink.o
 .debug_frame   0x000000fc      0x3b4 gpio_v2.o
 .debug_frame   0x000004b0       0x28 /home/ahmed-a/ti/ccsv7/tools/compiler/gcc-arm-none-eabi-4_9-2015q3/bin/../lib/gcc/arm-none-eabi/4.9.3/../../../../arm-none-eabi/lib/armv7-ar/thumb/libg.a(lib_a-exit.o)
 .debug_frame   0x000004d8       0x2c /home/ahmed-a/ti/ccsv7/tools/compiler/gcc-arm-none-eabi-4_9-2015q3/bin/../lib/gcc/arm-none-eabi/4.9.3/../../../../arm-none-eabi/lib/armv7-ar/thumb/libg.a(lib_a-init.o)
 .debug_frame   0x00000504       0x34 /home/ahmed-a/ti/ccsv7/tools/compiler/gcc-arm-none-eabi-4_9-2015q3/bin/../lib/gcc/arm-none-eabi/4.9.3/../../../../arm-none-eabi/lib/armv7-ar/thumb/libg.a(lib_a-memset.o)
 .debug_frame   0x00000538       0x50 /home/ahmed-a/ti/ccsv7/tools/compiler/gcc-arm-none-eabi-4_9-2015q3/bin/../lib/gcc/arm-none-eabi/4.9.3/../../../../arm-none-eabi/lib/armv7-ar/thumb/libg.a(lib_a-__call_atexit.o)
 .debug_frame   0x00000588       0x20 /home/ahmed-a/ti/ccsv7/tools/compiler/gcc-arm-none-eabi-4_9-2015q3/bin/../lib/gcc/arm-none-eabi/4.9.3/../../../../arm-none-eabi/lib/armv7-ar/thumb/libg.a(lib_a-atexit.o)
 .debug_frame   0x000005a8       0x34 /home/ahmed-a/ti/ccsv7/tools/compiler/gcc-arm-none-eabi-4_9-2015q3/bin/../lib/gcc/arm-none-eabi/4.9.3/../../../../arm-none-eabi/lib/armv7-ar/thumb/libg.a(lib_a-fini.o)
 .debug_frame   0x000005dc       0x34 /home/ahmed-a/ti/ccsv7/tools/compiler/gcc-arm-none-eabi-4_9-2015q3/bin/../lib/gcc/arm-none-eabi/4.9.3/../../../../arm-none-eabi/lib/armv7-ar/thumb/libg.a(lib_a-__atexit.o)
 .debug_frame   0x00000610       0x20 /home/ahmed-a/ti/ccsv7/tools/compiler/gcc-arm-none-eabi-4_9-2015q3/bin/../lib/gcc/arm-none-eabi/4.9.3/../../../../arm-none-eabi/lib/armv7-ar/thumb/libnosys.a(_exit.o)
